[01:15:46] [Thread-4/INFO]: [STDOUT]: SERVER enter state: DORMANT
[01:15:46] [EnvServerSocketHandler/INFO]: Received Mission token da7ae124-abb3-4984-9395-43fb146d7d4a:0:0:1:true:42
[01:15:46] [EnvServerSocketHandler/INFO]: Received mission init command  <MissionInit xmlns="http://ProjectMalmo.microsoft.com" xmlns:xsi="http://www.w3.org/2001/XMLSchema-instance" SchemaVersion="" PlatformVersion="0.37.0"><Mission><About><Summary>MineRLObtainDiamondShovel-v0</Summary></About><ModSettings><MsPerTick>50</MsPerTick></ModSettings><ServerSection><ServerInitialConditions><Time><AllowPassageOfTime>true</AllowPassageOfTime></Time><AllowSpawning>true</AllowSpawning></ServerInitialConditions><ServerHandlers><DefaultWorldGenerator forceReset="true" generatorOptions="{}"/><ServerQuitWhenAnyAgentFinishes/></ServerHandlers></ServerSection><AgentSection mode="Survival"><Name>MineRLAgent0</Name><AgentStart><LowLevelInputs>true</LowLevelInputs><GuiScale>1.0</GuiScale><GammaSetting>2.0</GammaSetting><FOVSetting>70.0</FOVSetting><FakeCursorSize>16</FakeCursorSize></AgentStart><AgentHandlers><FileBasedPerformanceProducer/><PauseCommand/><VideoProducer want_depth="false"><Width>640</Width><Height>360</Height></VideoProducer><ObservationFromFullInventory flat="false"/><HumanLevelCommands/><CameraCommands/></AgentHandlers></AgentSection></Mission><ExperimentUID>da7ae124-abb3-4984-9395-43fb146d7d4a</ExperimentUID><ClientRole>0</ClientRole><ClientAgentConnection><ClientIPAddress>127.0.0.1</ClientIPAddress><ClientMissionControlPort>0</ClientMissionControlPort><ClientCommandsPort>0</ClientCommandsPort><AgentIPAddress>127.0.0.1</AgentIPAddress><AgentMissionControlPort>0</AgentMissionControlPort><AgentVideoPort>0</AgentVideoPort><AgentDepthPort>0</AgentDepthPort><AgentLuminancePort>0</AgentLuminancePort><AgentObservationsPort>0</AgentObservationsPort><AgentRewardsPort>0</AgentRewardsPort><AgentColourMapPort>0</AgentColourMapPort></ClientAgentConnection></MissionInit>
[01:15:47] [EnvServerSocketHandler/INFO]: [STDOUT]: Setting width, height to 640, 360
[01:15:47] [EnvServerSocketHandler/INFO]: [STDOUT]: Gamma: 2.0
[01:15:47] [EnvServerSocketHandler/INFO]: [STDOUT]: FOV: 70.0
[01:15:47] [EnvServerSocketHandler/INFO]: [STDOUT]: GuiScale: 1.0
[01:15:47] [Render thread/WARN]: Ambiguity between arguments [teleport, destination] and [teleport, targets] with inputs: [Player, 0123, @e, dd12be42-52a9-4a91-a8a1-11c01849e498]
[01:15:47] [Render thread/WARN]: Ambiguity between arguments [teleport, location] and [teleport, destination] with inputs: [0.1 -0.5 .9, 0 0 0]
[01:15:47] [Render thread/WARN]: Ambiguity between arguments [teleport, location] and [teleport, targets] with inputs: [0.1 -0.5 .9, 0 0 0]
[01:15:47] [Render thread/WARN]: Ambiguity between arguments [teleport, targets] and [teleport, destination] with inputs: [Player, 0123, dd12be42-52a9-4a91-a8a1-11c01849e498]
[01:15:47] [Render thread/WARN]: Ambiguity between arguments [teleport, targets, location] and [teleport, targets, destination] with inputs: [0.1 -0.5 .9, 0 0 0]
[01:15:47] [Render thread/INFO]: Reloading ResourceManager: Default
[01:15:47] [Render thread/INFO]: Loaded 7 recipes
[01:15:47] [Render thread/INFO]: Loaded 927 advancements
[01:15:48] [Render thread/INFO]: Environment: authHost='https://authserver.mojang.com', accountsHost='https://api.mojang.com', sessionHost='https://sessionserver.mojang.com', servicesHost='https://api.minecraftservices.com', name='PROD'
[01:15:48] [Render thread/INFO]: Starting integrated minecraft server version 1.16.5
[01:15:48] [Render thread/INFO]: Generating keypair
[01:15:51] [Render thread/INFO]: Preparing start region for dimension minecraft:overworld
[01:15:59] [Render thread/INFO]: Changing view distance to 11, from 10
[01:15:59] [Render thread/INFO]: MineRLAgent0[local:E:5343d77b] logged in with entity id 303 at (-989.5, 72.0, -853.5)
[01:15:59] [Render thread/INFO]: MineRLAgent0 joined the game
[01:16:00] [Render thread/INFO]: [STDOUT]: *** creating fake mouse cursor ***
[01:16:00] [Render thread/INFO]: Preparing spawn area: 7%
[01:16:00] [Render thread/INFO]: Time elapsed: 2 ms
[01:16:00] [Render thread/INFO]: [STDOUT]: Starting new video null
[01:16:00] [Render thread/INFO]: Saving and pausing game...
[01:16:00] [Render thread/INFO]: Saving chunks for level 'ServerLevel[mcpworld004b333bfddb]'/minecraft:overworld
[01:16:00] [Render thread/INFO]: Saving chunks for level 'ServerLevel[mcpworld004b333bfddb]'/minecraft:the_nether
[01:16:00] [Render thread/INFO]: Saving chunks for level 'ServerLevel[mcpworld004b333bfddb]'/minecraft:the_end
[01:16:00] [Render thread/INFO]: Loaded 0 advancements
[01:16:02] [EnvServerSocketHandler/INFO]: [STDOUT]: *** Stopping the replay, returning control to the inputs
