[12:14:33] [Thread-4/INFO]: [STDOUT]: SERVER enter state: DORMANT
[12:14:33] [EnvServerSocketHandler/INFO]: Received Mission token 4dd8ddf2-4b73-438e-8a4d-597f52b2ec26:0:0:1:true
[12:14:33] [EnvServerSocketHandler/INFO]: Received mission init command  <MissionInit xmlns="http://ProjectMalmo.microsoft.com" xmlns:xsi="http://www.w3.org/2001/XMLSchema-instance" SchemaVersion="" PlatformVersion="0.37.0"><Mission><About><Summary>MineRLObtainDiamondShovel-v0</Summary></About><ModSettings><MsPerTick>50</MsPerTick></ModSettings><ServerSection><ServerInitialConditions><Time><AllowPassageOfTime>true</AllowPassageOfTime></Time><AllowSpawning>true</AllowSpawning></ServerInitialConditions><ServerHandlers><DefaultWorldGenerator forceReset="true" generatorOptions="{}"/><ServerQuitWhenAnyAgentFinishes/></ServerHandlers></ServerSection><AgentSection mode="Survival"><Name>MineRLAgent0</Name><AgentStart><LowLevelInputs>true</LowLevelInputs><GuiScale>1.0</GuiScale><GammaSetting>2.0</GammaSetting><FOVSetting>70.0</FOVSetting><FakeCursorSize>16</FakeCursorSize></AgentStart><AgentHandlers><FileBasedPerformanceProducer/><PauseCommand/><VideoProducer want_depth="false"><Width>640</Width><Height>360</Height></VideoProducer><ObservationFromFullInventory flat="false"/><HumanLevelCommands/><CameraCommands/></AgentHandlers></AgentSection></Mission><ExperimentUID>4dd8ddf2-4b73-438e-8a4d-597f52b2ec26</ExperimentUID><ClientRole>0</ClientRole><ClientAgentConnection><ClientIPAddress>127.0.0.1</ClientIPAddress><ClientMissionControlPort>0</ClientMissionControlPort><ClientCommandsPort>0</ClientCommandsPort><AgentIPAddress>127.0.0.1</AgentIPAddress><AgentMissionControlPort>0</AgentMissionControlPort><AgentVideoPort>0</AgentVideoPort><AgentDepthPort>0</AgentDepthPort><AgentLuminancePort>0</AgentLuminancePort><AgentObservationsPort>0</AgentObservationsPort><AgentRewardsPort>0</AgentRewardsPort><AgentColourMapPort>0</AgentColourMapPort></ClientAgentConnection></MissionInit>
[12:14:33] [EnvServerSocketHandler/INFO]: [STDOUT]: Setting width, height to 640, 360
[12:14:33] [EnvServerSocketHandler/INFO]: [STDOUT]: Gamma: 2.0
[12:14:33] [EnvServerSocketHandler/INFO]: [STDOUT]: FOV: 70.0
[12:14:33] [EnvServerSocketHandler/INFO]: [STDOUT]: GuiScale: 1.0
[12:14:33] [Render thread/INFO]: [STDOUT]: Seed not provided, generating random one: -1087948554330179094
[12:14:34] [Render thread/WARN]: Ambiguity between arguments [teleport, destination] and [teleport, targets] with inputs: [Player, 0123, @e, dd12be42-52a9-4a91-a8a1-11c01849e498]
[12:14:34] [Render thread/WARN]: Ambiguity between arguments [teleport, location] and [teleport, destination] with inputs: [0.1 -0.5 .9, 0 0 0]
[12:14:34] [Render thread/WARN]: Ambiguity between arguments [teleport, location] and [teleport, targets] with inputs: [0.1 -0.5 .9, 0 0 0]
[12:14:34] [Render thread/WARN]: Ambiguity between arguments [teleport, targets] and [teleport, destination] with inputs: [Player, 0123, dd12be42-52a9-4a91-a8a1-11c01849e498]
[12:14:34] [Render thread/WARN]: Ambiguity between arguments [teleport, targets, location] and [teleport, targets, destination] with inputs: [0.1 -0.5 .9, 0 0 0]
[12:14:34] [Render thread/INFO]: Reloading ResourceManager: Default
[12:14:34] [Render thread/INFO]: Loaded 7 recipes
[12:14:34] [Render thread/INFO]: Loaded 927 advancements
[12:14:35] [Render thread/INFO]: Environment: authHost='https://authserver.mojang.com', accountsHost='https://api.mojang.com', sessionHost='https://sessionserver.mojang.com', servicesHost='https://api.minecraftservices.com', name='PROD'
[12:14:35] [Render thread/INFO]: Starting integrated minecraft server version 1.16.5
[12:14:35] [Render thread/INFO]: Generating keypair
[12:14:38] [Render thread/INFO]: Preparing start region for dimension minecraft:overworld
[12:14:49] [Render thread/INFO]: Changing view distance to 11, from 10
[12:14:49] [Render thread/INFO]: MineRLAgent0[local:E:4a9372ad] logged in with entity id 71 at (822.5, 72.0, 937.5)
[12:14:49] [Render thread/INFO]: MineRLAgent0 joined the game
[12:14:49] [Render thread/INFO]: [STDOUT]: *** creating fake mouse cursor ***
[12:14:49] [Render thread/INFO]: Preparing spawn area: 15%
[12:14:49] [Render thread/INFO]: Time elapsed: 2 ms
[12:14:50] [Render thread/INFO]: [STDOUT]: Starting new video null
[12:14:50] [Render thread/INFO]: Saving and pausing game...
[12:14:50] [Render thread/INFO]: Saving chunks for level 'ServerLevel[mcpworld4dba9b57f432]'/minecraft:overworld
[12:14:50] [Render thread/INFO]: Saving chunks for level 'ServerLevel[mcpworld4dba9b57f432]'/minecraft:the_nether
[12:14:50] [Render thread/INFO]: Saving chunks for level 'ServerLevel[mcpworld4dba9b57f432]'/minecraft:the_end
[12:14:50] [Render thread/INFO]: Loaded 0 advancements
[12:14:53] [EnvServerSocketHandler/INFO]: [STDOUT]: *** Stopping the replay, returning control to the inputs
